// Jest Snapshot v1, https://goo.gl/fbAQLP

exports[`Accordion component component only opens the last section when multiple sections have been clicked 1`] = `
<ul>
  <li>
    <button
      onClick={[Function]}
    >
      Section 1
    </button>
  </li>
  <li>
    <button
      onClick={[Function]}
    >
      Section 2
    </button>
  </li>
  <li>
    <button
      onClick={[Function]}
    >
      Section 3
    </button>
  </li>
</ul>
`;

exports[`Accordion component component opens a clicked section 1`] = `
<ul>
  <li>
    <button
      onClick={[Function]}
    >
      Section 1
    </button>
  </li>
  <li>
    <button
      onClick={[Function]}
    >
      Section 2
    </button>
  </li>
  <li>
    <button
      onClick={[Function]}
    >
      Section 3
    </button>
  </li>
</ul>
`;

exports[`Accordion component component renders no sections as active by default 1`] = `
<ul>
  <li>
    <button
      onClick={[Function]}
    >
      Section 1
    </button>
  </li>
  <li>
    <button
      onClick={[Function]}
    >
      Section 2
    </button>
  </li>
  <li>
    <button
      onClick={[Function]}
    >
      Section 3
    </button>
  </li>
</ul>
`;

exports[`Accordion component renders an empty li when sections is not supplied 1`] = `<ul />`;
